[+] Loading stage 3 ...
[+] Loading stage 4 ...
[+] Loading kernel ...
[+] Jumping to protected mode ...
[+] Jumping to long mode ...
[+] FB Addr: 0xfd000000
[+] FB Size: 0x384000
Stage 4 loaded.
SIGNPOST: Initializing Memory...
PMM: Detected 1048576MB RAM. Metadata needs 524288KB.
PMM: Selected map_phys=0x1000000 from entry base=0x100000 len=0xbfedd000
PMM: Page Map Virtual Address: 0xffff800001000000. Zeroing...
PMM: Page Map zeroed successfully (268435456 descriptors).
PMM: Starting to add free regions...
PMM: Processing mmap entry 0: 0x0 -> 0x9fc00
PMM: Skipping entry 0 (fully below 16MB or invalid)
PMM: Processing mmap entry 3: 0x100000 -> 0xbffdd000
PMM: Entry overlaps Page Map. Splitting. Map is 0x1000000 -> 0x21000000
PMM: Remaining region after map: 0x21000000 -> 0xbffdd000
PMM: Adding free region: 0x21000000 -> 0xbffdd000
PMM: Processing mmap entry 6: 0x100000000 -> 0x140000000
PMM: Region 0x100000000 -> 0x140000000 is above 4GB, skipping for now.
PMM: Buddy Allocator initialized. Free: 1048576MB
VMM: Relocated PML4 from 0x20000 to 0xbffdc000
VMM: Mapping entire physical RAM into HHDM...
VMM: Physical memory mapping complete.
PMM: Expanding discovery to all available RAM...
PMM: Adding extended free region: 0x100000000 -> 0x140000000
PMM: Expansion complete. Free: 1048575MB
SIGNPOST: Initializing ISTs...
SIGNPOST: Loading IDT...
SIGNPOST: Kernel fully initialized.
SIGNPOST: Heap initialized.
VirtIO Block: Found device at Bus 0, Device 4, Func 0
VirtIO Block: Bus mastering enabled.
VirtIO Block: Remapped BAR 4 to 0xc0000000
VirtIO Block: Notify mapped at 0xffffa00000000000 -> Phys 0xc0003000
VirtIO Block: Common Config mapped at 0xffffa00000200000 -> Phys 0xc0000000
VirtIO Block: Negotiating features...
VirtIO Block: Initialized successfully.
[VMA] Track PID 0 region 0x4320000000..0x4ae0000000
[VMA] Pushing to BTreeMap...
[VMA] Push successful!
[VMA] Track PID 0 region 0x100000000..0x104000000
[VMA] Pushing to BTreeMap...
[VMA] Push successful!
[VMA] Track PID 0 region 0x4100000000..0x4100200000
[VMA] Pushing to BTreeMap...
[VMA] Push successful!
Process::new: allocating Arc<Self>...
Process::new: allocated successfully.
SIGNPOST: TaskManager initialized.
SIGNPOST: Calling DISPLAY_SERVER.init()...
VirtIO GPU: Device not found.
DisplayServer: Using VBE fallback
SIGNPOST: DISPLAY_SERVER initialized.
SIGNPOST: Drivers initialized.
Mouse: Initializing PS/2 Mouse...
Mouse: VMMouse initialized successfully (Absolute Mode).
Mouse: Initialized (ID: 0).
Mounting Ext2...
Ext2: Reading superblock...
Ext2: Superblock read.
Ext2: Magic: 0xef53
Ext2: Mounted. Block Size: 1024, Inode Size: 128
Mounting at index 224, fs box: Pointer { addr: 0xffff8000b80007b0, metadata: DynMetadata(0xffffffff00283ad0) }
Spawning init process (WASM)...
[spawn_process] path='@0xE0/sys/bin/init.wasm'
[VMA] Track PID 1 region 0x4ae0000000..0x52a0000000
[VMA] Pushing to BTreeMap...
[VMA] Push successful!
[VMA] Track PID 1 region 0x104000000..0x108000000
[VMA] Pushing to BTreeMap...
[VMA] Push successful!
[VMA] Track PID 1 region 0x4100200000..0x4100400000
[VMA] Pushing to BTreeMap...
[VMA] Push successful!
Process::new: allocating Arc<Self>...
Process::new: allocated successfully.
[Spawn] Spawning WASM kernel thread for PID 1 (slot 1) at 0xffffffff00139db0...
Init process spawned with PID 1
Kernel initialized, entering idle loop...
KM[wasm-runner] Starting buffer @0xE0/sys/bin/init.wasm (AOT: true)...
[std] LinearMemory: new_sas base=0x4ae0000000 size=3997696 (61 pages)
[MMAP] addr=0x4ae0000000 len=0x3d0000
[MMAP] pid=1 mem_base=0x4ae0000000 heap_limit=0x529ffff000
[MMAP] Mapping 3997696 bytes at 0x4ae0000000..0x4ae03d0000
[MMAP] OK: mapped at 0x4ae0000000
[AOT] code_base=0x104000000 offset=0 code_len=11223839 (10 MB)
[MMAP] addr=0x0 len=0x400000
[MMAP] pid=1 mem_base=0x4ae0000000 heap_limit=0x529ffff000
[MMAP] Mapping 4194304 bytes at 0x4be0000000..0x4be0400000
[MMAP] OK: mapped at 0x4be0000000
[MMAP] addr=0x0 len=0x10000
[MMAP] pid=1 mem_base=0x4ae0000000 heap_limit=0x529ffff000
[MMAP] Mapping 65536 bytes at 0x4be0400000..0x4be0410000
[MMAP] OK: mapped at 0x4be0400000
[AOT] Calling host function 0 (0 params)
[AOT] Calling host function 2 (2 params)
[MMAP] addr=0x4ae03d0000 len=0x100000
[MMAP] pid=1 mem_base=0x4ae0000000 heap_limit=0x529ffff000
[MMAP] Mapping 1048576 bytes at 0x4ae03d0000..0x4ae04d0000
[MMAP] OK: mapped at 0x4ae03d0000
[AOT] Calling host function 3 (2 params)
[AOT] Calling host function 4 (2 params)
[AOT] Calling host function 5 (2 params)
[AOT] Calling host function 7 (2 params)
[Init] Starting WASM Userland...
[AOT] Calling host function 19 (0 params)
[AOT] Calling host function 20 (0 params)
[AOT] Calling host function 7 (2 params)
[Init] Detected Screen Size: [AOT] Calling host function 7 (2 params)
1280[AOT] Calling host function 7 (2 params)
x[AOT] Calling host function 7 (2 params)
720[AOT] Calling host function 7 (2 params)

[AOT] Calling host function 7 (2 params)
[Init] Calling Window::new...
[AOT] Calling host function 16 (0 params)
[AOT] Calling host function 7 (2 params)
[inkui] Creating window '[AOT] Calling host function 7 (2 params)
Wallpaper[AOT] Calling host function 7 (2 params)
' with pid [AOT] Calling host function 7 (2 params)
1[AOT] Calling host function 7 (2 params)

[AOT] Calling host function 21 (3 params)
[EventQueue] PID 1 registered queue: header=0x4ae03d0010 buf=0x4ae03d03e8 cap=128
[AOT] Calling host function 7 (2 params)
[inkui] FrameBuffer::new: allocating...
[MMAP] addr=0x4ae04d0000 len=0x390000
[MMAP] pid=1 mem_base=0x4ae0000000 heap_limit=0x529ffff000
[MMAP] Mapping 3735552 bytes at 0x4ae04d0000..0x4ae0860000
[MMAP] OK: mapped at 0x4ae04d0000
[AOT] Calling host function 7 (2 params)
[inkui] FrameBuffer::new: front done
[MMAP] addr=0x4ae0860000 len=0x390000
[MMAP] pid=1 mem_base=0x4ae0000000 heap_limit=0x529ffff000
[MMAP] Mapping 3735552 bytes at 0x4ae0860000..0x4ae0bf0000
[MMAP] OK: mapped at 0x4ae0860000
[AOT] Calling host function 7 (2 params)
[inkui] FrameBuffer::new: back done
[AOT] Calling host function 7 (2 params)
[Init] Window::new returned.
[AOT] Calling host function 7 (2 params)
[Init] Loading wallpaper...
[AOT] Calling host function 7 (2 params)
[std::fs::read] Opening '[AOT] Calling host function 7 (2 params)
@0xE0/sys/img/wallpaper2.raw[AOT] Calling host function 7 (2 params)
'...
[AOT] Calling host function 8 (3 params)
[AOT] Calling host function 9 (2 params)
[AOT] Calling host function 7 (2 params)
[std::fs::read] File size: [AOT] Calling host function 7 (2 params)
2359296[AOT] Calling host function 7 (2 params)
 bytes
[MMAP] addr=0x4ae0bf0000 len=0x250000
[MMAP] pid=1 mem_base=0x4ae0000000 heap_limit=0x529ffff000
[MMAP] Mapping 2424832 bytes at 0x4ae0bf0000..0x4ae0e40000
[MMAP] OK: mapped at 0x4ae0bf0000
[AOT] Calling host function 7 (2 params)
[std::fs::read] Reading at offset [AOT] Calling host function 7 (2 params)
0[AOT] Calling host function 7 (2 params)
 (remaining [AOT] Calling host function 7 (2 params)
2359296[AOT] Calling host function 7 (2 params)
)...
[AOT] Calling host function 10 (3 params)
[AOT] Calling host function 7 (2 params)
[std::fs::read] Finished reading [AOT] Calling host function 7 (2 params)
2359296[AOT] Calling host function 7 (2 params)
 bytes
[AOT] Calling host function 7 (2 params)
[Init] Wallpaper loaded ([AOT] Calling host function 7 (2 params)
2359296[AOT] Calling host function 7 (2 params)
 bytes).
[MMAP] addr=0x4ae0e40000 len=0x250000
[MMAP] pid=1 mem_base=0x4ae0000000 heap_limit=0x529ffff000
[MMAP] Mapping 2424832 bytes at 0x4ae0e40000..0x4ae1090000
[MMAP] OK: mapped at 0x4ae0e40000
[AOT] Calling host function 17 (1 params)
[Syscall] handle_add_window called! ptr=0x4be03ff988
[AOT] Calling host function 18 (2 params)
[AOT] Calling host function 11 (1 params)
[AOT] Calling host function 12 (1 params)
[AOT] Calling host function 13 (1 params)
[AOT] Calling host function 7 (2 params)
[Init] About to spawn dummy.wasm (WASIP1)...
[AOT] Calling host function 15 (6 params)
[Syscall] handle_spawn called! path_len=21
[spawn_process] path='@0xE0/apps/dummy.wasm'
[VMA] Track PID 3 region 0x52a0000000..0x5a60000000
[VMA] Pushing to BTreeMap...
[VMA] Push successful!
[VMA] Track PID 3 region 0x108000000..0x10c000000
[VMA] Pushing to BTreeMap...
[VMA] Push successful!
[VMA] Track PID 3 region 0x4100400000..0x4100600000
[VMA] Pushing to BTreeMap...
[VMA] Push successful!
Process::new: allocating Arc<Self>...
Process::new: allocated successfully.
[Spawn] Spawning WASM kernel thread for PID 3 (slot 2) at 0xffffffff00139db0...
[AOT] Calling host function 7 (2 params)
[Init] Dummy app spawned with PID [AOT] Calling host function 7 (2 params)
3[AOT] Calling host function 7 (2 params)

[AOT] Calling host function 7 (2 params)
[Init] System ready.
[AOT] Calling host function 6 (0 params)
[wasm-runner] Starting buffer @0xE0/apps/dummy.wasm (AOT: true)...
[AOT] Calling host function 6 (0 params)
[std] LinearMemory: new_sas base=0x52a0000000 size=1114112 (17 pages)
[MMAP] addr=0x52a0000000 len=0x110000
[MMAP] pid=3 mem_base=0x52a0000000 heap_limit=0x5a5ffff000
[MMAP] Mapping 1114112 bytes at 0x52a0000000..0x52a0110000
[MMAP] OK: mapped at 0x52a0000000
[AOT] Calling host function 6 (0 params)
[AOT] Calling host function 6 (0 params)
[AOT] Calling host function 6 (0 params)
[AOT] Calling host function 6 (0 params)
[AOT] Calling host function 6 (0 params)
[AOT] Calling host function 6 (0 params)
[AOT] Calling host function 6 (0 params)
[AOT] Calling host function 6 (0 params)
[AOT] code_base=0x108000000 offset=0 code_len=6247161 (5 MB)
[MMAP] addr=0x0 len=0x400000
[MMAP] pid=3 mem_base=0x52a0000000 heap_limit=0x5a5ffff000
[MMAP] Mapping 4194304 bytes at 0x53a0000000..0x53a0400000
[AOT] Calling host function 6 (0 params)
[MMAP] OK: mapped at 0x53a0000000
[MMAP] addr=0x0 len=0x10000
[MMAP] pid=3 mem_base=0x52a0000000 heap_limit=0x5a5ffff000
[MMAP] Mapping 65536 bytes at 0x53a0400000..0x53a0410000
[MMAP] OK: mapped at 0x53a0400000
[AOT] Calling host function 3 (2 params)
[AOT] Calling host function 4 (2 params)
[AOT] Calling host function 5 (2 params)
[MMAP] addr=0x52a0110000 len=0x100000
[MMAP] pid=3 mem_base=0x52a0000000 heap_limit=0x5a5ffff000
[MMAP] Mapping 1048576 bytes at 0x52a0110000..0x52a0210000
[MMAP] OK: mapped at 0x52a0110000
[AOT] Calling host function 6 (2 params)
[AOT] Calling host function 32 (3 params)
--- WASIP1 COMPREHENSIVE TEST START ---
[AOT] Calling host function 32 (3 params)
Testing args_sizes_get...
[AOT] Calling host function 3 (2 params)
[AOT] Calling host function 32 (3 params)
Testing args_get...
[AOT] Calling host function 4 (2 params)
[AOT] Calling host function 32 (3 params)
Testing environ_sizes_get...
[AOT] Calling host function 5 (2 params)
[AOT] Calling host function 32 (3 params)
Testing environ_get...
[AOT] Calling host function 6 (2 params)
[AOT] Calling host function 32 (3 params)
Testing clock_res_get...
[AOT] Calling host function 7 (2 params)
[AOT] Calling host function 32 (3 params)
Testing clock_time_get...
[AOT] Calling host function 8 (1 params)
[AOT] Calling host function 32 (3 params)
Testing random_get...
[AOT] Calling host function 9 (2 params)
[AOT] Calling host function 6 (0 params)
[AOT] Calling host function 32 (3 params)
Testing sched_yield...
[AOT] Calling host function 10 (0 params)
[AOT] Calling host function 32 (3 params)
Testing fd_fdstat_get (stdout)...
[AOT] Calling host function 11 (2 params)
[AOT] Calling host function 32 (3 params)
Testing fd_filestat_get (stdout)...
[AOT] Calling host function 12 (2 params)
[AOT] Calling host function 32 (3 params)
Testing fd_prestat_get (3)...
[AOT] Calling host function 13 (2 params)
[AOT] Calling host function 32 (3 params)
Testing fd_prestat_dir_name (3)...
[AOT] Calling host function 14 (3 params)
[AOT] Calling host function 32 (3 params)
Testing fd_tell (stdout - expect ESPIPE/ERR)...
[AOT] Calling host function 15 (2 params)
[AOT] Calling host function 32 (3 params)
Testing fd_seek (stdout - expect ESPIPE/ERR)...
[AOT] Calling host function 16 (4 params)
[AOT] Calling host function 32 (3 params)
Testing fd_advise...
[AOT] Calling host function 17 (4 params)
[AOT] Calling host function 32 (3 params)
Testing fd_allocate...
[AOT] Calling host function 18 (3 params)
[AOT] Calling host function 32 (3 params)
Testing fd_datasync...
[AOT] Calling host function 19 (1 params)
[AOT] Calling host function 32 (3 params)
Testing fd_sync...
[AOT] Calling host function 20 (1 params)
[AOT] Calling host function 32 (3 params)
Testing fd_fdstat_set_flags...
[AOT] Calling host function 21 (2 params)
[AOT] Calling host function 32 (3 params)
Testing fd_fdstat_set_rights...
[AOT] Calling host function 22 (3 params)
[AOT] Calling host function 32 (3 params)
Testing path_filestat_get...
[AOT] Calling host function 23 (5 params)
[AOT] Calling host function 32 (3 params)
[AOT] Calling host function 24 (9 params)
[WASI] path_open: '/' -> '@0xE0/'
[AOT] Calling host function 32 (3 params)
[AOT] Calling host function 6 (0 params)
[AOT] Calling host function 25 (5 params)
[WASI] fd_readdir fd=3 cookie=0 path='@0xE0/'
CALLING read_dir WITH ARGS: path=@0xE0/
[std::fs::read_dir] Entry: 'path_open...
Testing fd_readdir...
þ1þþþþþþþadd.wasmIþþþþþþþappsþþþþþþþþþþsysþþþþþþþþþtorture.wasmMþþþþþþþþ' type=6
TCP RESULT: read_dir RESULT: 1 entries
[WASI] fd_readdir: 1 total entries, returning 1 (after cookie 0)
[AOT] Calling host function 32 (3 params)
[AOT] Calling host function 26 (2 params)
[AOT] Calling host function 32 (3 params)
[AOT] Calling host function 27 (4 params)
[AOT] Calling host function 32 (3 params)
[AOT] Calling host function 28 (6 params)
[AOT] Calling host function 32 (3 params)
[AOT] Calling host function 29 (5 params)
[AOT] Calling host function 32 (3 params)
[AOT] Calling host function 30 (3 params)
[AOT] Calling host function 32 (3 params)
[AOT] Calling host function 31 (1 params)
AOT Trap: Host Function Error
[Syscall] Process exited with code 1
[AOT] Calling host function 6 (0 params)
[AOT] Calling host function 6 (0 params)
[AOT] Calling host function 6 (0 params)
[AOT] Calling host function 6 (0 params)
[AOT] Calling host function 6 (0 params)
[AOT] Calling host function 6 (0 params)
[AOT] Calling host function 6 (0 params)
[AOT] Calling host function 6 (0 params)
[AOT] Calling host function 6 (0 params)
[AOT] Calling host function 6 (0 params)
[AOT] Calling host function 6 (0 params)
[AOT] Calling host function 6 (0 params)
[AOT] Calling host function 6 (0 params)
[AOT] Calling host function 6 (0 params)
[AOT] Calling host function 6 (0 params)
[AOT] Calling host function 6 (0 params)
[AOT] Calling host function 6 (0 params)
[AOT] Calling host function 6 (0 params)
[AOT] Calling host function 6 (0 params)
[AOT] Calling host function 6 (0 params)
[AOT] Calling host function 6 (0 params)
[AOT] Calling host function 6 (0 params)
[AOT] Calling host function 6 (0 params)
[AOT] Calling host function 6 (0 params)
[AOT] Calling host function 6 (0 params)
[AOT] Calling host function 6 (0 params)
[AOT] Calling host function 6 (0 params)
[AOT] Calling host function 6 (0 params)
[AOT] Calling host function 6 (0 params)
[AOT] Calling host function 6 (0 params)
[AOT] Calling host function 6 (0 params)
[AOT] Calling host function 6 (0 params)
[AOT] Calling host function 6 (0 params)
[AOT] Calling host function 6 (0 params)
[AOT] Calling host function 6 (0 params)
[AOT] Calling host function 6 (0 params)
[AOT] Calling host function 6 (0 params)
[AOT] Calling host function 6 (0 params)
[AOT] Calling host function 6 (0 params)
[AOT] Calling host function 6 (0 params)
[AOT] Calling host function 6 (0 params)
[AOT] Calling host function 6 (0 params)
[AOT] Calling host function 6 (0 params)
[AOT] Calling host function 6 (0 params)
[AOT] Calling host function 6 (0 params)
[AOT] Calling host function 6 (0 params)
[AOT] Calling host function 6 (0 params)
[AOT] Calling host function 6 (0 params)
[AOT] Calling host function 6 (0 params)
[AOT] Calling host function 6 (0 params)
[AOT] Calling host function 6 (0 params)
[AOT] Calling host function 6 (0 params)
[AOT] Calling host function 6 (0 params)
[AOT] Calling host function 6 (0 params)
[AOT] Calling host function 6 (0 params)
[AOT] Calling host function 6 (0 params)
[AOT] Calling host function 6 (0 params)
[AOT] Calling host function 6 (0 params)
[AOT] Calling host function 6 (0 params)
[AOT] Calling host function 6 (0 params)
[AOT] Calling host function 6 (0 params)
[AOT] Calling host function 6 (0 params)
[AOT] Calling host function 6 (0 params)
[AOT] Calling host function 6 (0 params)
[AOT] Calling host function 6 (0 params)
[AOT] Calling host function 6 (0 params)
[AOT] Calling host function 6 (0 params)
[AOT] Calling host function 6 (0 params)
[AOT] Calling host function 6 (0 params)
[AOT] Calling host function 6 (0 params)
[AOT] Calling host function 6 (0 params)
[AOT] Calling host function 6 (0 params)
[AOT] Calling host function 6 (0 params)
[AOT] Calling host function 6 (0 params)
[AOT] Calling host function 6 (0 params)
[AOT] Calling host function 6 (0 params)
[AOT] Calling host function 6 (0 params)
[AOT] Calling host function 6 (0 params)
[AOT] Calling host function 6 (0 params)
[AOT] Calling host function 6 (0 params)
[AOT] Calling host function 6 (0 params)
[AOT] Calling host function 6 (0 params)
[AOT] Calling host function 6 (0 params)
[AOT] Calling host function 6 (0 params)
[AOT] Calling host function 6 (0 params)
[AOT] Calling host function 6 (0 params)
[AOT] Calling host function 6 (0 params)
[AOT] Calling host function 6 (0 params)
[AOT] Calling host function 6 (0 params)
[AOT] Calling host function 6 (0 params)
[AOT] Calling host function 6 (0 params)
[AOT] Calling host function 6 (0 params)
[AOT] Calling host function 6 (0 params)
[AOT] Calling host function 6 (0 params)
[AOT] Calling host function 6 (0 params)
[AOT] Calling host function 6 (0 params)
[AOT] Calling host function 6 (0 params)
[AOT] Calling host function 6 (0 params)
[AOT] Calling host function 6 (0 params)
[AOT] Calling host function 6 (0 params)
[AOT] Calling host function 6 (0 params)
[AOT] Calling host function 6 (0 params)
[AOT] Calling host function 6 (0 params)
[AOT] Calling host function 6 (0 params)
[AOT] Calling host function 6 (0 params)
[AOT] Calling host function 6 (0 params)
[AOT] Calling host function 6 (0 params)
[AOT] Calling host function 6 (0 params)
[AOT] Calling host function 6 (0 params)
[AOT] Calling host function 6 (0 params)
[AOT] Calling host function 6 (0 params)
[AOT] Calling host function 6 (0 params)
[AOT] Calling host function 6 (0 params)
[AOT] Calling host function 6 (0 params)
[AOT] Calling host function 6 (0 params)
[AOT] Calling host function 6 (0 params)
[AOT] Calling host function 6 (0 params)
[AOT] Calling host function 6 (0 params)
[AOT] Calling host function 6 (0 params)
[AOT] Calling host function 6 (0 params)
[AOT] Calling host function 6 (0 params)
[AOT] Calling host function 6 (0 params)
[AOT] Calling host function 6 (0 params)
[AOT] Calling host function 6 (0 params)
[AOT] Calling host function 6 (0 params)
[AOT] Calling host function 6 (0 params)
[AOT] Calling host function 6 (0 params)
[AOT] Calling host function 6 (0 params)
[AOT] Calling host function 6 (0 params)
[AOT] Calling host function 6 (0 params)
[AOT] Calling host function 6 (0 params)
[AOT] Calling host function 6 (0 params)
[AOT] Calling host function 6 (0 params)
[AOT] Calling host function 6 (0 params)
[AOT] Calling host function 6 (0 params)
[AOT] Calling host function 6 (0 params)
[AOT] Calling host function 6 (0 params)
[AOT] Calling host function 6 (0 params)
[AOT] Calling host function 6 (0 params)
[AOT] Calling host function 6 (0 params)
[AOT] Calling host function 6 (0 params)
[AOT] Calling host function 6 (0 params)
[AOT] Calling host function 6 (0 params)
[AOT] Calling host function 6 (0 params)
[AOT] Calling host function 6 (0 params)
[AOT] Calling host function 6 (0 params)
[AOT] Calling host function 6 (0 params)
[AOT] Calling host function 6 (0 params)
[AOT] Calling host function 6 (0 params)
[AOT] Calling host function 6 (0 params)
[AOT] Calling host function 6 (0 params)
[AOT] Calling host function 6 (0 params)
[AOT] Calling host function 6 (0 params)
[AOT] Calling host function 6 (0 params)
[AOT] Calling host function 6 (0 params)
[AOT] Calling host function 6 (0 params)
[AOT] Calling host function 6 (0 params)
[AOT] Calling host function 6 (0 params)
[AOT] Calling host function 6 (0 params)
[AOT] Calling host function 6 (0 params)
[AOT] Calling host function 6 (0 params)
[AOT] Calling host function 6 (0 params)
[AOT] Calling host function 6 (0 params)
[AOT] Calling host function 6 (0 params)
[AOT] Calling host function 6 (0 params)
[AOT] Calling host function 6 (0 params)
[AOT] Calling host function 6 (0 params)
[AOT] Calling host function 6 (0 params)
[AOT] Calling host function 6 (0 params)
[AOT] Calling host function 6 (0 params)
[AOT] Calling host function 6 (0 params)
[AOT] Calling host function 6 (0 params)
[AOT] Calling host function 6 (0 params)
[AOT] Calling host function 6 (0 params)
[AOT] Calling host function 6 (0 params)
[AOT] Calling host function 6 (0 params)
[AOT] Calling host function 6 (0 params)
[AOT] Calling host function 6 (0 params)
[AOT] Calling host function 6 (0 params)
[AOT] Calling host function 6 (0 params)
[AOT] Calling host function 6 (0 params)
[AOT] Calling host function 6 (0 params)
[AOT] Calling host function 6 (0 params)
[AOT] Calling host function 6 (0 params)
[AOT] Calling host function 6 (0 params)
[AOT] Calling host function 6 (0 params)
[AOT] Calling host function 6 (0 params)
[AOT] Calling host function 6 (0 params)
[AOT] Calling host function 6 (0 params)
[AOT] Calling host function 6 (0 params)
[AOT] Calling host function 6 (0 params)
[AOT] Calling host function 6 (0 params)
[AOT] Calling host function 6 (0 params)
[AOT] Calling host function 6 (0 params)
[AOT] Calling host function 6 (0 params)
[AOT] Calling host function 6 (0 params)
[AOT] Calling host function 6 (0 params)
[AOT] Calling host function 6 (0 params)
[AOT] Calling host function 6 (0 params)
[AOT] Calling host function 6 (0 params)
[AOT] Calling host function 6 (0 params)
[AOT] Calling host function 6 (0 params)
[AOT] Calling host function 6 (0 params)
[AOT] Calling host function 6 (0 params)
[AOT] Calling host function 6 (0 params)
[AOT] Calling host function 6 (0 params)
[AOT] Calling host function 6 (0 params)
[AOT] Calling host function 6 (0 params)
[AOT] Calling host function 6 (0 params)
[AOT] Calling host function 6 (0 params)
[AOT] Calling host function 6 (0 params)
[AOT] Calling host function 6 (0 params)
[AOT] Calling host function 6 (0 params)
[AOT] Calling host function 6 (0 params)
[AOT] Calling host function 6 (0 params)
[AOT] Calling host function 6 (0 params)
[AOT] Calling host function 6 (0 params)
[AOT] Calling host function 6 (0 params)
[AOT] Calling host function 6 (0 params)
[AOT] Calling host function 6 (0 params)
[AOT] Calling host function 6 (0 params)
[AOT] Calling host function 6 (0 params)
[AOT] Calling host function 6 (0 params)
[AOT] Calling host function 6 (0 params)
[AOT] Calling host function 6 (0 params)
[AOT] Calling host function 6 (0 params)
[AOT] Calling host function 6 (0 params)
[AOT] Calling host function 6 (0 params)
[AOT] Calling host function 6 (0 params)
[AOT] Calling host function 6 (0 params)
[AOT] Calling host function 6 (0 params)
[AOT] Calling host function 6 (0 params)
[AOT] Calling host function 6 (0 params)
[AOT] Calling host function 6 (0 params)
[AOT] Calling host function 6 (0 params)
[AOT] Calling host function 6 (0 params)
[AOT] Calling host function 6 (0 params)
[AOT] Calling host function 6 (0 params)
[AOT] Calling host function 6 (0 params)
[AOT] Calling host function 6 (0 params)
[AOT] Calling host function 6 (0 params)
[AOT] Calling host function 6 (0 params)
[AOT] Calling host function 6 (0 params)
[AOT] Calling host function 6 (0 params)
[AOT] Calling host function 6 (0 params)
[AOT] Calling host function 6 (0 params)
[AOT] Calling host function 6 (0 params)
[AOT] Calling host function 6 (0 params)
[AOT] Calling host function 6 (0 params)
[AOT] Calling host function 6 (0 params)
[AOT] Calling host function 6 (0 params)
[AOT] Calling host function 6 (0 params)
[AOT] Calling host function 6 (0 params)
[AOT] Calling host function 6 (0 params)
[AOT] Calling host function 6 (0 params)
[AOT] Calling host function 6 (0 params)
[AOT] Calling host function 6 (0 params)
[AOT] Calling host function 6 (0 params)
[AOT] Calling host function 6 (0 params)
[AOT] Calling host function 6 (0 params)
[AOT] Calling host function 6 (0 params)
[AOT] Calling host function 6 (0 params)
[AOT] Calling host function 6 (0 params)
[AOT] Calling host function 6 (0 params)
[AOT] Calling host function 6 (0 params)
[AOT] Calling host function 6 (0 params)
[AOT] Calling host function 6 (0 params)
[AOT] Calling host function 6 (0 params)
[AOT] Calling host function 6 (0 params)
[AOT] Calling host function 6 (0 params)
[AOT] Calling host function 6 (0 params)
[AOT] Calling host function 6 (0 params)
[AOT] Calling host function 6 (0 params)
[AOT] Calling host function 6 (0 params)
[AOT] Calling host function 6 (0 params)
[AOT] Calling host function 6 (0 params)
[AOT] Calling host function 6 (0 params)
[AOT] Calling host function 6 (0 params)
[AOT] Calling host function 6 (0 params)
[AOT] Calling host function 6 (0 params)
[AOT] Calling host function 6 (0 params)
[AOT] Calling host function 6 (0 params)
[AOT] Calling host function 6 (0 params)
[AOT] Calling host function 6 (0 params)
[AOT] Calling host function 6 (0 params)
[AOT] Calling host function 6 (0 params)
[AOT] Calling host function 6 (0 params)
[AOT] Calling host function 6 (0 params)
[AOT] Calling host function 6 (0 params)
[AOT] Calling host function 6 (0 params)
[AOT] Calling host function 6 (0 params)
[AOT] Calling host function 6 (0 params)
[AOT] Calling host function 6 (0 params)
[AOT] Calling host function 6 (0 params)
[AOT] Calling host function 6 (0 params)
[AOT] Calling host function 6 (0 params)
[AOT] Calling host function 6 (0 params)
[AOT] Calling host function 6 (0 params)
[AOT] Calling host function 6 (0 params)
[AOT] Calling host function 6 (0 params)
[AOT] Calling host function 6 (0 params)
[AOT] Calling host function 6 (0 params)
[AOT] Calling host function 6 (0 params)
[AOT] Calling host function 6 (0 params)
[AOT] Calling host function 6 (0 params)
[AOT] Calling host function 6 (0 params)
[AOT] Calling host function 6 (0 params)
[AOT] Calling host function 6 (0 params)
[AOT] Calling host function 6 (0 params)
[AOT] Calling host function 6 (0 params)
[AOT] Calling host function 6 (0 params)
[AOT] Calling host function 6 (0 params)
[AOT] Calling host function 6 (0 params)
[AOT] Calling host function 6 (0 params)
[AOT] Calling host function 6 (0 params)
[AOT] Calling host function 6 (0 params)
[AOT] Calling host function 6 (0 params)
[AOT] Calling host function 6 (0 params)
[AOT] Calling host function 6 (0 params)
[AOT] Calling host function 6 (0 params)
[AOT] Calling host function 6 (0 params)
[AOT] Calling host function 6 (0 params)
[AOT] Calling host function 6 (0 params)
[AOT] Calling host function 6 (0 params)
[AOT] Calling host function 6 (0 params)
[AOT] Calling host function 6 (0 params)
[AOT] Calling host function 6 (0 params)
[AOT] Calling host function 6 (0 params)
[AOT] Calling host function 6 (0 params)
[AOT] Calling host function 6 (0 params)
[AOT] Calling host function 6 (0 params)
[AOT] Calling host function 6 (0 params)
[AOT] Calling host function 6 (0 params)
[AOT] Calling host function 6 (0 params)
[AOT] Calling host function 6 (0 params)
[AOT] Calling host function 6 (0 params)
[AOT] Calling host function 6 (0 params)
[AOT] Calling host function 6 (0 params)
[AOT] Calling host function 6 (0 params)
[AOT] Calling host function 6 (0 params)
[AOT] Calling host function 6 (0 params)
[AOT] Calling host function 6 (0 params)
[AOT] Calling host function 6 (0 params)
[AOT] Calling host function 6 (0 params)
[AOT] Calling host function 6 (0 params)
[AOT] Calling host function 6 (0 params)
[AOT] Calling host function 6 (0 params)
[AOT] Calling host function 6 (0 params)
[AOT] Calling host function 6 (0 params)
[AOT] Calling host function 6 (0 params)
[AOT] Calling host function 6 (0 params)
[AOT] Calling host function 6 (0 params)
[AOT] Calling host function 6 (0 params)
[AOT] Calling host function 6 (0 params)
[AOT] Calling host function 6 (0 params)
[AOT] Calling host function 6 (0 params)
[AOT] Calling host function 6 (0 params)
[AOT] Calling host function 6 (0 params)
[AOT] Calling host function 6 (0 params)
[AOT] Calling host function 6 (0 params)
[AOT] Calling host function 6 (0 params)
[AOT] Calling host function 6 (0 params)
[AOT] Calling host function 6 (0 params)
[AOT] Calling host function 6 (0 params)
[AOT] Calling host function 6 (0 params)
[AOT] Calling host function 6 (0 params)
[AOT] Calling host function 6 (0 params)
[AOT] Calling host function 6 (0 params)
[AOT] Calling host function 6 (0 params)
[AOT] Calling host function 6 (0 params)
[AOT] Calling host function 6 (0 params)
[AOT] Calling host function 6 (0 params)
[AOT] Calling host function 6 (0 params)
[AOT] Calling host function 6 (0 params)
[AOT] Calling host function 6 (0 params)
[AOT] Calling host function 6 (0 params)
[AOT] Calling host function 6 (0 params)
[AOT] Calling host function 6 (0 params)
[AOT] Calling host function 6 (0 params)
[AOT] Calling host function 6 (0 params)
[AOT] Calling host function 6 (0 params)
[AOT] Calling host function 6 (0 params)
[AOT] Calling host function 6 (0 params)
[AOT] Calling host function 6 (0 params)
[AOT] Calling host function 6 (0 params)
[AOT] Calling host function 6 (0 params)
[AOT] Calling host function 6 (0 params)
[AOT] Calling host function 6 (0 params)
[AOT] Calling host function 6 (0 params)
[AOT] Calling host function 6 (0 params)
[AOT] Calling host function 6 (0 params)
[AOT] Calling host function 6 (0 params)
[AOT] Calling host function 6 (0 params)
[AOT] Calling host function 6 (0 params)
[AOT] Calling host function 6 (0 params)
[AOT] Calling host function 6 (0 params)
[AOT] Calling host function 6 (0 params)
[AOT] Calling host function 6 (0 params)
[AOT] Calling host function 6 (0 params)
[AOT] Calling host function 6 (0 params)
[AOT] Calling host function 6 (0 params)
[AOT] Calling host function 6 (0 params)
[AOT] Calling host function 6 (0 params)
[AOT] Calling host function 6 (0 params)
[AOT] Calling host function 6 (0 params)
[AOT] Calling host function 6 (0 params)
[AOT] Calling host function 6 (0 params)
[AOT] Calling host function 6 (0 params)
[AOT] Calling host function 6 (0 params)
[AOT] Calling host function 6 (0 params)
[AOT] Calling host function 6 (0 params)
[AOT] Calling host function 6 (0 params)
[AOT] Calling host function 6 (0 params)
[AOT] Calling host function 6 (0 params)
[AOT] Calling host function 6 (0 params)
[AOT] Calling host function 6 (0 params)
[AOT] Calling host function 6 (0 params)
[AOT] Calling host function 6 (0 params)
[AOT] Calling host function 6 (0 params)
[AOT] Calling host function 6 (0 params)
[AOT] Calling host function 6 (0 params)
[AOT] Calling host function 6 (0 params)
[AOT] Calling host function 6 (0 params)
[AOT] Calling host function 6 (0 params)
[AOT] Calling host function 6 (0 params)
[AOT] Calling host function 6 (0 params)
[AOT] Calling host function 6 (0 params)
[AOT] Calling host function 6 (0 params)
[AOT] Calling host function 6 (0 params)
[AOT] Calling host function 6 (0 params)
[AOT] Calling host function 6 (0 params)
[AOT] Calling host function 6 (0 params)
[AOT] Calling host function 6 (0 params)
[AOT] Calling host function 6 (0 params)
[AOT] Calling host function 6 (0 params)
[AOT] Calling host function 6 (0 params)
[AOT] Calling host function 6 (0 params)
[AOT] Calling host function 6 (0 params)
[AOT] Calling host function 6 (0 params)
[AOT] Calling host function 6 (0 params)
[AOT] Calling host function 6 (0 params)
[AOT] Calling host function 6 (0 params)
[AOT] Calling host function 6 (0 params)
[AOT] Calling host function 6 (0 params)
[AOT] Calling host function 6 (0 params)
[AOT] Calling host function 6 (0 params)
[AOT] Calling host function 6 (0 params)
[AOT] Calling host function 6 (0 params)
[AOT] Calling host function 6 (0 params)
[AOT] Calling host function 6 (0 params)
[AOT] Calling host function 6 (0 params)
[AOT] Calling host function 6 (0 params)
[AOT] Calling host function 6 (0 params)
[AOT] Calling host function 6 (0 params)
[AOT] Calling host function 6 (0 params)
[AOT] Calling host function 6 (0 params)
[AOT] Calling host function 6 (0 params)
[AOT] Calling host function 6 (0 params)
[AOT] Calling host function 6 (0 params)
[AOT] Calling host function 6 (0 params)
[AOT] Calling host function 6 (0 params)
[AOT] Calling host function 6 (0 params)
[AOT] Calling host function 6 (0 params)
[AOT] Calling host function 6 (0 params)
[AOT] Calling host function 6 (0 params)
[AOT] Calling host function 6 (0 params)
[AOT] Calling host function 6 (0 params)
[AOT] Calling host function 6 (0 params)
[AOT] Calling host function 6 (0 params)
[AOT] Calling host function 6 (0 params)
[AOT] Calling host function 6 (0 params)
[AOT] Calling host function 6 (0 params)
[AOT] Calling host function 6 (0 params)
[AOT] Calling host function 6 (0 params)
[AOT] Calling host function 6 (0 params)
[AOT] Calling host function 6 (0 params)
[AOT] Calling host function 6 (0 params)
[AOT] Calling host function 6 (0 params)
[AOT] Calling host function 6 (0 params)
[AOT] Calling host function 6 (0 params)
[AOT] Calling host function 6 (0 params)
[AOT] Calling host function 6 (0 params)
[AOT] Calling host function 6 (0 params)
[AOT] Calling host function 6 (0 params)
[AOT] Calling host function 6 (0 params)
[AOT] Calling host function 6 (0 params)
[AOT] Calling host function 6 (0 params)
[AOT] Calling host function 6 (0 params)
[AOT] Calling host function 6 (0 params)
[AOT] Calling host function 6 (0 params)
[AOT] Calling host function 6 (0 params)
[AOT] Calling host function 6 (0 params)
[AOT] Calling host function 6 (0 params)
[AOT] Calling host function 6 (0 params)
[AOT] Calling host function 6 (0 params)
[AOT] Calling host function 6 (0 params)
[AOT] Calling host function 6 (0 params)
[AOT] Calling host function 6 (0 params)
[AOT] Calling host function 6 (0 params)
[AOT] Calling host function 6 (0 params)
[AOT] Calling host function 6 (0 params)
[AOT] Calling host function 6 (0 params)
[AOT] Calling host function 6 (0 params)
[AOT] Calling host function 6 (0 params)
[AOT] Calling host function 6 (0 params)
[AOT] Calling host function 6 (0 params)
[AOT] Calling host function 6 (0 params)
[AOT] Calling host function 6 (0 params)
[AOT] Calling host function 6 (0 params)
[AOT] Calling host function 6 (0 params)
[AOT] Calling host function 6 (0 params)
[AOT] Calling host function 6 (0 params)
[AOT] Calling host function 6 (0 params)
[AOT] Calling host function 6 (0 params)
[AOT] Calling host function 6 (0 params)
[AOT] Calling host function 6 (0 params)
[AOT] Calling host function 6 (0 params)
[AOT] Calling host function 6 (0 params)
[AOT] Calling host function 6 (0 params)
[AOT] Calling host function 6 (0 params)
[AOT] Calling host function 6 (0 params)
[AOT] Calling host function 6 (0 params)
[AOT] Calling host function 6 (0 params)
[AOT] Calling host function 6 (0 params)
[AOT] Calling host function 6 (0 params)
[AOT] Calling host function 6 (0 params)
[AOT] Calling host function 6 (0 params)
[AOT] Calling host function 6 (0 params)
[AOT] Calling host function 6 (0 params)
[AOT] Calling host function 6 (0 params)
[AOT] Calling host function 6 (0 params)
[AOT] Calling host function 6 (0 params)
[AOT] Calling host function 6 (0 params)
[AOT] Calling host function 6 (0 params)
[AOT] Calling host function 6 (0 params)
[AOT] Calling host function 6 (0 params)
[AOT] Calling host function 6 (0 params)
[AOT] Calling host function 6 (0 params)
[AOT] Calling host function 6 (0 params)
[AOT] Calling host function 6 (0 params)
[AOT] Calling host function 6 (0 params)
[AOT] Calling host function 6 (0 params)
[AOT] Calling host function 6 (0 params)
[AOT] Calling host function 6 (0 params)
[AOT] Calling host function 6 (0 params)
[AOT] Calling host function 6 (0 params)
[AOT] Calling host function 6 (0 params)
[AOT] Calling host function 6 (0 params)
[AOT] Calling host function 6 (0 params)
[AOT] Calling host function 6 (0 params)
[AOT] Calling host function 6 (0 params)
qemu-system-x86_64: terminating on signal 1
