[+] Loading stage 3 ...
[+] Loading stage 4 ...
[+] Loading kernel ...
[+] Jumping to protected mode ...
[+] Jumping to long mode ...
[+] FB Addr: 0xfd000000
[+] FB Size: 0x384000
Stage 4 loaded.
SIGNPOST: Initializing Memory...
PMM: Detected 1048576MB RAM. Metadata needs 524288KB.
PMM: Selected map_phys=0x1000000 from entry base=0x100000 len=0xbfedd000
PMM: Page Map Virtual Address: 0xffff800001000000. Zeroing...
PMM: Page Map zeroed successfully (268435456 descriptors).
PMM: Starting to add free regions...
PMM: Processing mmap entry 0: 0x0 -> 0x9fc00
PMM: Skipping entry 0 (fully below 16MB or invalid)
PMM: Processing mmap entry 3: 0x100000 -> 0xbffdd000
PMM: Entry overlaps Page Map. Splitting. Map is 0x1000000 -> 0x21000000
PMM: Remaining region after map: 0x21000000 -> 0xbffdd000
PMM: Adding free region: 0x21000000 -> 0xbffdd000
PMM: Processing mmap entry 6: 0x100000000 -> 0x140000000
PMM: Region 0x100000000 -> 0x140000000 is above 4GB, skipping for now.
PMM: Buddy Allocator initialized. Free: 1048576MB
VMM: Relocated PML4 from 0x20000 to 0xbffdc000
VMM: Mapping entire physical RAM into HHDM...
VMM: Physical memory mapping complete.
PMM: Expanding discovery to all available RAM...
PMM: Adding extended free region: 0x100000000 -> 0x140000000
PMM: Expansion complete. Free: 1048575MB
SIGNPOST: Initializing ISTs...
SIGNPOST: Loading IDT...
SIGNPOST: Kernel fully initialized.
SIGNPOST: Heap initialized.
VirtIO Block: Found device at Bus 0, Device 4, Func 0
VirtIO Block: Bus mastering enabled.
VirtIO Block: Remapped BAR 4 to 0xc0000000
VirtIO Block: Notify mapped at 0xffffa00000000000 -> Phys 0xc0003000
VirtIO Block: Common Config mapped at 0xffffa00000200000 -> Phys 0xc0000000
VirtIO Block: Negotiating features...
VirtIO Block: Initialized successfully.
[VMA] Track PID 0 region 0x4320000000..0x4ae0000000
[VMA] Pushing to BTreeMap...
[VMA] Push successful!
[VMA] Track PID 0 region 0x100000000..0x104000000
[VMA] Pushing to BTreeMap...
[VMA] Push successful!
[VMA] Track PID 0 region 0x4100000000..0x4100200000
[VMA] Pushing to BTreeMap...
[VMA] Push successful!
Process::new: allocating Arc<Self>...
Process::new: allocated successfully.
SIGNPOST: TaskManager initialized.
SIGNPOST: Calling DISPLAY_SERVER.init()...
VirtIO GPU: Device not found.
DisplayServer: Using VBE fallback
SIGNPOST: DISPLAY_SERVER initialized.
SIGNPOST: Drivers initialized.
Mouse: Initializing PS/2 Mouse...
Mouse: VMMouse initialized successfully (Absolute Mode).
Mouse: Initialized (ID: 0).
Mounting Ext2...
Ext2: Reading superblock...
Ext2: Superblock read.
Ext2: Magic: 0xef53
Ext2: Mounted. Block Size: 1024, Inode Size: 128
Mounting at index 224, fs box: Pointer { addr: 0xffff8000b80007b0, metadata: DynMetadata(0xffffffff00283d80) }
Spawning init process (WASM)...
[spawn_process] path='@0xE0/sys/bin/init.wasm'
[VMA] Track PID 1 region 0x4ae0000000..0x52a0000000
[VMA] Pushing to BTreeMap...
[VMA] Push successful!
[VMA] Track PID 1 region 0x104000000..0x108000000
[VMA] Pushing to BTreeMap...
[VMA] Push successful!
[VMA] Track PID 1 region 0x4100200000..0x4100400000
[VMA] Pushing to BTreeMap...
[VMA] Push successful!
Process::new: allocating Arc<Self>...
Process::new: allocated successfully.
[Spawn] Spawning WASM kernel thread for PID 1 (slot 1) at 0xffffffff00139db0...
Init process spawned with PID 1
Kernel initialized, entering idle loop...
KM[wasm-runner] Starting buffer @0xE0/sys/bin/init.wasm (AOT: true)...
[std] LinearMemory: new_sas base=0x4ae0000000 size=3997696 (61 pages)
[MMAP] addr=0x4ae0000000 len=0x3d0000
[MMAP] pid=1 mem_base=0x4ae0000000 heap_limit=0x529ffff000
[MMAP] Mapping 3997696 bytes at 0x4ae0000000..0x4ae03d0000
[MMAP] OK: mapped at 0x4ae0000000
[AOT] code_base=0x104000000 offset=0 code_len=11205647 (10 MB)
[MMAP] addr=0x0 len=0x400000
[MMAP] pid=1 mem_base=0x4ae0000000 heap_limit=0x529ffff000
[MMAP] Mapping 4194304 bytes at 0x4be0000000..0x4be0400000
[MMAP] OK: mapped at 0x4be0000000
[MMAP] addr=0x0 len=0x10000
[MMAP] pid=1 mem_base=0x4ae0000000 heap_limit=0x529ffff000
[MMAP] Mapping 65536 bytes at 0x4be0400000..0x4be0410000
[MMAP] OK: mapped at 0x4be0400000

=== GENERAL PROTECTION FAULT ===
Error Code: 0x0
RIP: 0x902484280f
RSP: 0x894cc6ff49102944
